<?php

namespace Santakadev\AnyObject\Tests\Generator\Generated;

use Faker\Factory;
use Santakadev\AnyObject\Tests\TestData\ArrayTypes\GenericArrayOfStringObject;

final class AnyGenericArrayOfStringObjectBuilder
{
    private function __construct(private array $value)
    {
    }
    public static function create() : self
    {
        $faker = Factory::create();
        $elementsCount = mt_rand(0, 50);
        $value = [];
        for ($i = 0; $i < $elementsCount; $i++) {
            $value[] = \Santakadev\AnyObject\RandomGenerator\RandomUnicodeText::random(200);
        }
        return new self($value);
    }
    public function withValue(array $value) : self
    {
        $this->value = $value;
        return $this;
    }
    public function build() : GenericArrayOfStringObject
    {
        return new GenericArrayOfStringObject($this->value);
    }
}
