<?php

namespace Santakadev\AnyObject\Tests\Generator\Generated;

use Faker\Factory;
use Santakadev\AnyObject\Tests\TestData\VariadicTypes\VariadicOfStringObject;

final class AnyVariadicOfStringObjectBuilder
{
    private function __construct(private array $value)
    {
    }
    public static function create() : self
    {
        $faker = Factory::create();
        $elementsCount = mt_rand(0, 50);
        $value = [];
        for ($i = 0; $i < $elementsCount; $i++) {
            $value[] = $faker->text(200);
        }
        return new self($value);
    }
    public function withValue(array $value) : self
    {
        $this->value = $value;
        return $this;
    }
    public function build() : VariadicOfStringObject
    {
        return new VariadicOfStringObject(...$this->value);
    }
}
