<?php

namespace Santakadev\AnyObject\Tests\Generator\Generated;

use Faker\Factory;
use Santakadev\AnyObject\Tests\TestData\ComplexConstructorTypes\NamedConstructorWithPrivateConstructObject;

final class AnyNamedConstructorWithPrivateConstructObjectBuilder
{
    private function __construct(private string $value)
    {
    }
    public static function create() : self
    {
        $faker = Factory::create();
        $value = $faker->text(200);
        return new self($value);
    }
    public function withValue(string $value) : self
    {
        $this->value = $value;
        return $this;
    }
    public function build() : NamedConstructorWithPrivateConstructObject
    {
        return NamedConstructorWithPrivateConstructObject::fromString($this->value);
    }
}
