<?php

namespace Santakadev\AnyObject\Tests\Generator\Generated;

use Faker\Factory;
use Santakadev\AnyObject\Tests\TestData\ScalarTypes\StringObject;

final class AnyStringObject
{
    public static function with(string|None $value = new None()) : StringObject
    {
        if ($value instanceof None) {
            $faker = Factory::create();
            $value = $faker->text(200);
        }
        return new StringObject($value);
    }
    public static function build() : StringObject
    {
        return self::with();
    }
}
