<?php

namespace Santakadev\AnyObject\Tests\Generator\Generated;

use Faker\Factory;
use Santakadev\AnyObject\Tests\TestData\ScalarTypes\BoolObject;

final class AnyBoolObject
{
    public static function with(bool|None $value = new None()) : BoolObject
    {
        if ($value instanceof None) {
            $faker = Factory::create();
            $value = (bool) mt_rand(0, 1);
        }
        return new BoolObject($value);
    }
    public static function build() : BoolObject
    {
        return self::with();
    }
}
