<?php

namespace Santakadev\AnyObject\Tests\Generator\Generated;

use Faker\Factory;
use Santakadev\AnyObject\Tests\TestData\ScalarTypes\StringIntObject;

final class AnyStringIntObject
{
    public static function with(string|None $string = new None(), int|None $number = new None()) : StringIntObject
    {
        if ($string instanceof None) {
            $faker = Factory::create();
            $string = $faker->text(200);
        }
        if ($number instanceof None) {
            $faker = Factory::create();
            $number = mt_rand(PHP_INT_MIN, PHP_INT_MAX);
        }
        return new StringIntObject($string, $number);
    }
    public static function build() : StringIntObject
    {
        return self::with();
    }
}
