<?php

namespace Santakadev\AnyObject\Tests\Generator\Generated;

use Faker\Factory;
use Santakadev\AnyObject\Tests\TestData\ArrayTypes\GenericArrayOfBoolObject;

final class AnyGenericArrayOfBoolObject
{
    public static function with(array|None $value = new None()) : GenericArrayOfBoolObject
    {
        if ($value instanceof None) {
            $faker = Factory::create();
            $elementsCount = mt_rand(0, 50);
            $value = [];
            for ($i = 0; $i < $elementsCount; $i++) {
                $value[] = (bool) mt_rand(0, 1);
            }
        }
        return new GenericArrayOfBoolObject($value);
    }
    public static function build() : GenericArrayOfBoolObject
    {
        return self::with();
    }
}
