<?php

namespace Santakadev\AnyObject\Tests\Generator\Generated;

use Faker\Factory;
use Santakadev\AnyObject\Tests\TestData\VariadicTypes\VariadicOfStringObject;

final class AnyVariadicOfStringObject
{
    public static function with(array|ValueNotProvided $value = new ValueNotProvided()) : VariadicOfStringObject
    {
        if ($value instanceof ValueNotProvided) {
            $faker = Factory::create();
            $minElements = 0;
            $maxElements = 50;
            $elementsCount = $faker->numberBetween($minElements, $maxElements);
            $value = [];
            for ($i = 0; $i < $elementsCount; $i++) {
                $value[] = $faker->text(200);
            }
        }
        return new VariadicOfStringObject(...$value);
    }
    public static function build() : VariadicOfStringObject
    {
        return self::with();
    }
}
