<?php

namespace Santakadev\AnyObject\Tests\Generator\Generated;

use Faker\Factory;
use Santakadev\AnyObject\Tests\TestData\UnionTypes\UnionStringIntNull;

final class AnyUnionStringIntNull
{
    public static function with(string|int|null|ValueNotProvided $value = new ValueNotProvided()) : UnionStringIntNull
    {
        if ($value instanceof ValueNotProvided) {
            $faker = Factory::create();
            $value = match (array_rand(['string', 'int', 'null'])) {
                0 => $faker->text(),
                1 => $faker->numberBetween(PHP_INT_MIN, PHP_INT_MAX),
                2 => null,
            };
        }
        return new UnionStringIntNull($value);
    }
    public static function build() : UnionStringIntNull
    {
        return self::with();
    }
}
