<?php

namespace Santakadev\AnyObject\Tests\Generator\Generated;

use Faker\Factory;
use Santakadev\AnyObject\Tests\TestData\ScalarTypes\NullableStringObject;

final class AnyNullableStringObject
{
    public static function with(string|null|None $value = new None()) : NullableStringObject
    {
        if ($value instanceof None) {
            $faker = Factory::create();
            $value = match (array_rand(['string', 'null'])) {
                0 => \Santakadev\AnyObject\RandomGenerator\RandomUnicodeText::random(200),
                1 => null,
            };
        }
        return new NullableStringObject($value);
    }
    public static function build() : NullableStringObject
    {
        return self::with();
    }
}
