<?php

namespace Santakadev\AnyObject\Tests\Generator\Generated;

use Faker\Factory;
use Santakadev\AnyObject\Tests\TestData\ArrayTypes\GenericNullableArrayOfStringObject;

final class AnyGenericNullableArrayOfStringObject
{
    public static function with(array|ValueNotProvided $value = new ValueNotProvided()) : GenericNullableArrayOfStringObject
    {
        if ($value instanceof ValueNotProvided) {
            $faker = Factory::create();
            $minElements = 0;
            $maxElements = 50;
            $elementsCount = $faker->numberBetween($minElements, $maxElements);
            $value = [];
            for ($i = 0; $i < $elementsCount; $i++) {
                $value[] = match (array_rand(['string', 'null'])) {
                    0 => $faker->text(),
                    1 => null,
                };
            }
        }
        return new GenericNullableArrayOfStringObject($value);
    }
    public static function build() : GenericNullableArrayOfStringObject
    {
        return self::with();
    }
}
