<?php

namespace Santakadev\AnyObject\Tests\Generator\Generated;

use Faker\Factory;
use Santakadev\AnyObject\Tests\TestData\ArrayTypes\GenericArrayOfFQNCustomTypeObject;

final class AnyGenericArrayOfFQNCustomTypeObject
{
    public static function with(array|None $value = new None()) : GenericArrayOfFQNCustomTypeObject
    {
        if ($value instanceof None) {
            $faker = Factory::create();
            $elementsCount = mt_rand(0, 50);
            $value = [];
            for ($i = 0; $i < $elementsCount; $i++) {
                $value[] = AnyCustomObject::build();
            }
        }
        return new GenericArrayOfFQNCustomTypeObject($value);
    }
    public static function build() : GenericArrayOfFQNCustomTypeObject
    {
        return self::with();
    }
}
