<?php

namespace Santakadev\AnyObject\Tests\Generator\Generated;

use Faker\Factory;
use Santakadev\AnyObject\Tests\TestData\VariadicTypes\VariadicOfUnionTypeObject;

final class AnyVariadicOfUnionTypeObject
{
    public static function with(array|None $value = new None()) : VariadicOfUnionTypeObject
    {
        if ($value instanceof None) {
            $faker = Factory::create();
            $elementsCount = mt_rand(0, 50);
            $value = [];
            for ($i = 0; $i < $elementsCount; $i++) {
                $value[] = match (array_rand(['CustomObject', 'string', 'int', 'float', 'bool', 'null'])) {
                    0 => AnyCustomObject::build(),
                    1 => \Santakadev\AnyObject\RandomGenerator\RandomUnicodeText::random(200),
                    2 => mt_rand(PHP_INT_MIN, PHP_INT_MAX),
                    3 => PHP_FLOAT_MIN + (PHP_FLOAT_MAX - PHP_FLOAT_MIN) * (mt_rand(0, (1 << 53) - 1) / (1 << 53)),
                    4 => (bool) mt_rand(0, 1),
                    5 => null,
                };
            }
        }
        return new VariadicOfUnionTypeObject(...$value);
    }
    public static function build() : VariadicOfUnionTypeObject
    {
        return self::with();
    }
}
