<?php

namespace Santakadev\AnyObject\Tests\Generator\Generated;

use Faker\Factory;
use Santakadev\AnyObject\Tests\TestData\ComplexConstructorTypes\SharedTypesInConstructorObject;
use Santakadev\AnyObject\Tests\TestData\ScalarTypes\StringObject;

final class AnySharedTypesInConstructorObject
{
    public static function with(StringObject|None $value1 = new None(), StringObject|None $value2 = new None(), StringObject|None $value3 = new None()) : SharedTypesInConstructorObject
    {
        if ($value1 instanceof None) {
            $faker = Factory::create();
            $value1 = AnyStringObject::build();
        }
        if ($value2 instanceof None) {
            $faker = Factory::create();
            $value2 = AnyStringObject::build();
        }
        if ($value3 instanceof None) {
            $faker = Factory::create();
            $value3 = AnyStringObject::build();
        }
        return new SharedTypesInConstructorObject($value1, $value2, $value3);
    }
    public static function build() : SharedTypesInConstructorObject
    {
        return self::with();
    }
}
