<?php

namespace Santakadev\AnyObject\Tests\Generator\Generated;

use Faker\Factory;
use Santakadev\AnyObject\Tests\TestData\ScalarTypes\NullableBoolObject;

final class AnyNullableBoolObject
{
    public static function with(bool|null|None $value = new None()) : NullableBoolObject
    {
        if ($value instanceof None) {
            $faker = Factory::create();
            $value = match (array_rand(['bool', 'null'])) {
                0 => (bool) mt_rand(0, 1),
                1 => null,
            };
        }
        return new NullableBoolObject($value);
    }
    public static function build() : NullableBoolObject
    {
        return self::with();
    }
}
