<?php

namespace Santakadev\AnyObject\Tests\Generator\Generated;

use Faker\Factory;
use Santakadev\AnyObject\Tests\TestData\ArrayTypes\GenericArrayOfIntObject;

final class AnyGenericArrayOfIntObject
{
    public static function with(array|None $value = new None()) : GenericArrayOfIntObject
    {
        if ($value instanceof None) {
            $faker = Factory::create();
            $elementsCount = mt_rand(0, 50);
            $value = [];
            for ($i = 0; $i < $elementsCount; $i++) {
                $value[] = mt_rand(PHP_INT_MIN, PHP_INT_MAX);
            }
        }
        return new GenericArrayOfIntObject($value);
    }
    public static function build() : GenericArrayOfIntObject
    {
        return self::with();
    }
}
