<?php

namespace Santakadev\AnyObject\Tests\Generator\Generated;

use Faker\Factory;
use Santakadev\AnyObject\Tests\TestData\ComplexConstructorTypes\VariadicNamedConstructorObject;

final class AnyVariadicNamedConstructorObject
{
    public static function with(array|None $value = new None()) : VariadicNamedConstructorObject
    {
        if ($value instanceof None) {
            $faker = Factory::create();
            $elementsCount = mt_rand(0, 50);
            $value = [];
            for ($i = 0; $i < $elementsCount; $i++) {
                $value[] = $faker->text(200);
            }
        }
        return VariadicNamedConstructorObject::fromString(...$value);
    }
    public static function build() : VariadicNamedConstructorObject
    {
        return self::with();
    }
}
