<?php

namespace Santakadev\AnyObject\Tests\Generator\Generated;

use Faker\Factory;
use Santakadev\AnyObject\Tests\TestData\CustomTypes\BackedIntEnumTypeObject;
use Santakadev\AnyObject\Tests\TestData\CustomTypes\BackedIntEnumType;

final class AnyBackedIntEnumTypeObject
{
    public static function with(BackedIntEnumType|None $value = new None()) : BackedIntEnumTypeObject
    {
        if ($value instanceof None) {
            $faker = Factory::create();
            $value = BackedIntEnumType::cases()[array_rand(BackedIntEnumType::cases())];
        }
        return new BackedIntEnumTypeObject($value);
    }
    public static function build() : BackedIntEnumTypeObject
    {
        return self::with();
    }
}
