<?php

namespace Santakadev\AnyObject\Tests\Generator\Generated;

use Faker\Factory;
use Santakadev\AnyObject\Tests\TestData\VariadicTypes\VariadicOfFloatObject;

final class AnyVariadicOfFloatObject
{
    public static function with(array|None $value = new None()) : VariadicOfFloatObject
    {
        if ($value instanceof None) {
            $faker = Factory::create();
            $minElements = 0;
            $maxElements = 50;
            $elementsCount = $faker->numberBetween($minElements, $maxElements);
            $value = [];
            for ($i = 0; $i < $elementsCount; $i++) {
                $value[] = $faker->randomFloat(null, 0, null);
            }
        }
        return new VariadicOfFloatObject(...$value);
    }
    public static function build() : VariadicOfFloatObject
    {
        return self::with();
    }
}
