<?php

namespace Santakadev\AnyObject\Tests\Generator\Generated;

use Faker\Factory;
use Santakadev\AnyObject\Tests\TestData\CustomTypes\CustomObject;
use Santakadev\AnyObject\Tests\TestData\CustomTypes\CustomSubObject;

final class AnyCustomObject
{
    public static function with(CustomSubObject|None $value = new None()) : CustomObject
    {
        if ($value instanceof None) {
            $faker = Factory::create();
            $value = AnyCustomSubObject::build();
        }
        return new CustomObject($value);
    }
    public static function build() : CustomObject
    {
        return self::with();
    }
}
