<?php

namespace Santakadev\AnyObject\Tests\Generator\Generated;

use Faker\Factory;
use Santakadev\AnyObject\Tests\TestData\CustomizedTypes\NumberBetweenCustomizedObject;

final class AnyNumberBetweenCustomizedObject
{
    public static function with(int|None $value = new None(), int|None $value2 = new None()) : NumberBetweenCustomizedObject
    {
        if ($value instanceof None) {
            $faker = Factory::create();
            $value = mt_rand(5, 7);
        }
        if ($value2 instanceof None) {
            $faker = Factory::create();
            $value2 = mt_rand(PHP_INT_MIN, PHP_INT_MAX);
        }
        return new NumberBetweenCustomizedObject($value, $value2);
    }
    public static function build() : NumberBetweenCustomizedObject
    {
        return self::with();
    }
}
