<?php

namespace Santakadev\AnyObject\Tests\Generator\Generated;

use Faker\Factory;
use Santakadev\AnyObject\Tests\TestData\PhpTypes\DateTimeImmutableObject;
use DateTimeImmutable;

final class AnyDateTimeImmutableObject
{
    public static function with(DateTimeImmutable|None $value = new None()) : DateTimeImmutableObject
    {
        if ($value instanceof None) {
            $faker = Factory::create();
            $value = new DateTimeImmutable();
        }
        return new DateTimeImmutableObject($value);
    }
    public static function build() : DateTimeImmutableObject
    {
        return self::with();
    }
}
