<?php

namespace Santakadev\AnyObject\Tests\Generator\Generated;

use Faker\Factory;
use Santakadev\AnyObject\Tests\TestData\ArrayTypes\GenericArrayOfFloatObject;

final class AnyGenericArrayOfFloatObject
{
    public static function with(array|None $value = new None()) : GenericArrayOfFloatObject
    {
        if ($value instanceof None) {
            $faker = Factory::create();
            $elementsCount = mt_rand(0, 50);
            $value = [];
            for ($i = 0; $i < $elementsCount; $i++) {
                $value[] = PHP_FLOAT_MIN + (PHP_FLOAT_MAX - PHP_FLOAT_MIN) * (mt_rand(0, (1 << 53) - 1) / (1 << 53));
            }
        }
        return new GenericArrayOfFloatObject($value);
    }
    public static function build() : GenericArrayOfFloatObject
    {
        return self::with();
    }
}
