<?php

namespace Santakadev\AnyObject\Tests\Generator\Generated;

use Faker\Factory;
use Santakadev\AnyObject\Tests\TestData\ScalarTypes\NullableFloatObject;

final class AnyNullableFloatObject
{
    public static function with(float|null|ValueNotProvided $value = new ValueNotProvided()) : NullableFloatObject
    {
        if ($value instanceof ValueNotProvided) {
            $faker = Factory::create();
            $value = match (array_rand(['float', 'null'])) {
                0 => $faker->randomFloat(),
                1 => null,
            };
        }
        return new NullableFloatObject($value);
    }
    public static function build() : NullableFloatObject
    {
        return self::with();
    }
}
