<?php

namespace Santakadev\AnyObject\Tests\Generator\Generated;

use Faker\Factory;
use Santakadev\AnyObject\Tests\TestData\UnionTypes\UnionBasicTypes;

final class AnyUnionBasicTypes
{
    public static function with(string|int|float|bool|None $value = new None()) : UnionBasicTypes
    {
        if ($value instanceof None) {
            $faker = Factory::create();
            $value = match (array_rand(['string', 'int', 'float', 'bool'])) {
                0 => $faker->text(200),
                1 => mt_rand(PHP_INT_MIN, PHP_INT_MAX),
                2 => $faker->randomFloat(null, 0, null),
                3 => (bool) mt_rand(0, 1),
            };
        }
        return new UnionBasicTypes($value);
    }
    public static function build() : UnionBasicTypes
    {
        return self::with();
    }
}
