<?php

namespace Santakadev\AnyObject\Tests\Generator\Generated;

use Faker\Factory;
use Santakadev\AnyObject\Tests\TestData\VariadicTypes\VariadicOfIntObject;

final class AnyVariadicOfIntObject
{
    public static function with(array|None $value = new None()) : VariadicOfIntObject
    {
        if ($value instanceof None) {
            $faker = Factory::create();
            $elementsCount = mt_rand(0, 50);
            $value = [];
            for ($i = 0; $i < $elementsCount; $i++) {
                $value[] = mt_rand(PHP_INT_MIN, PHP_INT_MAX);
            }
        }
        return new VariadicOfIntObject(...$value);
    }
    public static function build() : VariadicOfIntObject
    {
        return self::with();
    }
}
