<?php

namespace Santakadev\AnyObject\Tests\Generator\Generated;

use Faker\Factory;
use Santakadev\AnyObject\Tests\TestData\ScalarTypes\FloatObject;

final class AnyFloatObject
{
    public static function with(float|None $value = new None()) : FloatObject
    {
        if ($value instanceof None) {
            $faker = Factory::create();
            $value = PHP_FLOAT_MIN + (PHP_FLOAT_MAX - PHP_FLOAT_MIN) * (mt_rand(0, (1 << 53) - 1) / (1 << 53));
        }
        return new FloatObject($value);
    }
    public static function build() : FloatObject
    {
        return self::with();
    }
}
