<?php

namespace Santakadev\AnyObject\Tests\Generator\Generated;

use Faker\Factory;
use Santakadev\AnyObject\Tests\TestData\VariadicTypes\VariadicOfCustomTypeObject;

final class AnyVariadicOfCustomTypeObject
{
    public static function with(array|ValueNotProvided $value = new ValueNotProvided()) : VariadicOfCustomTypeObject
    {
        if ($value instanceof ValueNotProvided) {
            $faker = Factory::create();
            $minElements = 0;
            $maxElements = 50;
            $elementsCount = $faker->numberBetween($minElements, $maxElements);
            $value = [];
            for ($i = 0; $i < $elementsCount; $i++) {
                $value[] = AnyCustomObject::build();
            }
        }
        return new VariadicOfCustomTypeObject(...$value);
    }
    public static function build() : VariadicOfCustomTypeObject
    {
        return self::with();
    }
}
