<?php

namespace Santakadev\AnyObject\Tests\Generator\Generated;

use Faker\Factory;
use Santakadev\AnyObject\Tests\TestData\ArrayTypes\GenericArrayOfStringObject;

final class AnyGenericArrayOfStringObject
{
    public static function with(array|ValueNotProvided $value = new ValueNotProvided()) : GenericArrayOfStringObject
    {
        if ($value instanceof ValueNotProvided) {
            $faker = Factory::create();
            $minElements = 0;
            $maxElements = 50;
            $elementsCount = $faker->numberBetween($minElements, $maxElements);
            $value = [];
            for ($i = 0; $i < $elementsCount; $i++) {
                $value[] = $faker->text();
            }
        }
        return new GenericArrayOfStringObject($value);
    }
    public static function build() : GenericArrayOfStringObject
    {
        return self::with();
    }
}
