<?php

namespace Santakadev\AnyObject\Tests\Generator\Generated;

use Faker\Factory;
use Santakadev\AnyObject\Tests\TestData\ScalarTypes\StringIntObject;

final class AnyStringIntObject
{
    public static function with(string|ValueNotProvided $str = new ValueNotProvided(), int|ValueNotProvided $number = new ValueNotProvided()) : StringIntObject
    {
        if ($str instanceof ValueNotProvided) {
            $faker = Factory::create();
            $str = $faker->text();
        }
        if ($number instanceof ValueNotProvided) {
            $faker = Factory::create();
            $number = $faker->numberBetween(PHP_INT_MIN, PHP_INT_MAX);
        }
        return new StringIntObject($str, $number);
    }
    public static function build() : StringIntObject
    {
        return self::with();
    }
}
