<?php

namespace Santakadev\AnyObject\Tests\Generator\Generated;

use Faker\Factory;
use Santakadev\AnyObject\Tests\TestData\ScalarTypes\NullableBoolObject;

final class AnyNullableBoolObject
{
    public static function with(bool|null|ValueNotProvided $value = new ValueNotProvided()) : NullableBoolObject
    {
        if ($value instanceof ValueNotProvided) {
            $faker = Factory::create();
            $value = match (array_rand(['bool', 'null'])) {
                0 => $faker->boolean(),
                1 => null,
            };
        }
        return new NullableBoolObject($value);
    }
    public static function build() : NullableBoolObject
    {
        return self::with();
    }
}
