<?php

namespace Santakadev\AnyObject\Tests\Generator\Generated;

use Faker\Factory;
use Santakadev\AnyObject\Tests\TestData\ScalarTypes\NullableIntObject;
final class AnyNullableIntObject
{
    public static function with(int|null|ValueNotProvided $value = new ValueNotProvided()) : NullableIntObject
    {
        if ($value instanceof ValueNotProvided) {
            $faker = Factory::create();
            $value = match (array_rand(['int', 'null'])) {
                0 => $faker->numberBetween(PHP_INT_MIN, PHP_INT_MAX),
                1 => null,
            };
        }
        return new NullableIntObject($value);
    }
    public static function build() : NullableIntObject
    {
        return self::with();
    }
}
